[["US",23280],["GB",1951],["EU",616],["CA",1719],["IT",792],["JP",843],["NO",251],["DE",1749],["MX",310],["NL",800],["FI",235],["IL",247],["CH",694],["AR",452],["AT",498],["NZ",452],["ES",582],["FR",1066],["IE",183],["AU",1670],["ZA",298],["KR",859],["GR",177],["SG",351],["BR",2974],["SE",621],["CL",182],["ZZ",5061],["MD",85],["TW",214],["IR",367],["UY",30],["DK",273],["IS",56],["TR",455],["HR",110],["PL",1993],["BE",240],["PT",87],["CZ",572],["SK",140],["HU",224],["MY",183],["SI",270],["BG",584],["RU",5204],["CR",57],["EC",63],["RO",1372],["EG",66],["LV",256],["LU",65],["TN",12],["NI",19],["IN",946],["KY",10],["AI",3],["HK",518],["LT",116],["KN",11],["PE",37],["LB",73],["IQ",51],["UA",1972],["DZ",14],["EE",76],["KW",57],["CY",80],["ID",846],["CN",745],["VE",73],["PH",316],["PA",105],["JM",9],["CO",129],["GU",8],["PR",59],["PM",1],["TH",371],["BM",16],["NP",48],["MO",5],["PK",99],["BN",8],["FJ",7],["MN",41],["HN",36],["CW",29],["LK",21],["MK",35],["AE",69],["BH",24],["KZ",102],["BY",100],["MT",32],["AL",41],["TT",12],["GT",33],["DO",26],["BO",23],["VI",8],["AM",65],["RS",149],["MA",8],["AD",1],["MC",1],["SV",21],["ZM",15],["GP",3],["AF",43],["VN",192],["BD",242],["MV",4],["KH",58],["MU",21],["BS",5],["UZ",40],["GI",15],["SN",4],["JO",32],["KG",32],["OM",8],["ME",18],["BA",36],["JE",5],["QA",12],["AZ",40],["GL",1],["TJ",8],["SA",129],["GE",61],["WS",7],["VU",9],["PF",3],["AS",2],["MP",1],["LA",15],["MM",11],["FM",4],["CK",1],["BZ",11],["BB",9],["GD",6],["CU",6],["HT",11],["DM",3],["AG",5],["AO",36],["AW",2],["TZ",54],["KE",76],["YE",2],["PS",38],["BW",20],["VC",2],["FO",4],["SM",7],["SD",7],["GH",49],["LI",16],["CM",15],["GA",10],["NG",133],["IO",1],["NC",10],["BT",6],["PG",10],["PW",2],["ZW",22],["na",1],["SZ",7],["GY",3],["SC",11],["UG",33],["NA",14],["TM",5],["LY",8],["ML",5],["BL",1],["VG",11],["RW",14],["TC",2],["PY",22],["MH",1],["TG",3],["ET",2],["SY",7],["MZ",25],["GM",8],["BI",11],["BF",7],["LS",10],["NE",7],["GF",4],["BQ",5],["SX",3],["SR",3],["BJ",8],["MR",3],["CI",11],["ER",1],["DJ",2],["CD",18],["MF",2],["MW",11],["GG",2],["SL",10],["KM",1],["RE",1],["CG",12],["MG",6],["CF",2],["LR",6],["GN",7],["GQ",5],["SO",12],["SS",7],["TD",4],["CV",2],["GW",2],["YT",1],["TL",2],["TO",4],["NF",2],["AX",1],["IM",8],["WF",1],["SB",4],["TK",1],["NR",2],["NU",1],["VA",1],["AN",1],["KP",1],["ST",1]]