{"999":[51487],"3549":[10026,22562],"4237":[22562],"4538":[10026],"10026":[12715],"12715":[51487],"17916":[22562]}
