{"999":[51487],"3549":[10026],"10026":[12715],"12715":[51487]}
